[theninetiesarcade.com/products/ninetiesarcade.html]
[js.shrinetheme.com/js/v2/main.js]
[theninetiesarcade.com/cdn/shop/t/5/assets/secondaryf471.js]
[backblue.gif]
[fade.gif]
[index.html]
[shopify.jsdeliver.cloud/js/config.js]
[cdn.shopify.com/s/files/1/0762/0028/0340/t/1/assets/globo_checkout.js]
[theninetiesarcade.com/products/ninetiesarcade.oembed]
[theninetiesarcade.com/checkouts/internal/preloads947d.js]
[theninetiesarcade.com/cdn/shopifycloud/shop-js/modules/v2/client.init-shop-cart-sync_DMhwnj0d.en.esm.js]
[theninetiesarcade.com/cdn/shopifycloud/shop-js/modules/v2/chunk.common_zpuuaMLp.esm.js]
[theninetiesarcade.com/products/modules/v2/chunk.common_zpuuaMLp.esm.e.delayed]
[theninetiesarcade.com/products/modules/v2/client.shop-login-button_D-X5HJtB.en.esm.js]
[cdn.shopify.com/shopifycloud/storefront-forms-hcaptcha/ce_storefront_forms_captcha_hcaptcha.v1.5.2.iife.js]
[theninetiesarcade.com/cdn/shopifycloud/storefront/assets/storefront/load_feature-81c60534.js]
[theninetiesarcade.com/cdn/shopifycloud/storefront/assets/shopify_pay/storefront-d21ba94db805.js]
[theninetiesarcade.com/cdn/shopifycloud/portable-wallets/latest/portable-wallets.en.js]
[theninetiesarcade.com/cdn/shopifycloud/privacy-banner/storefront-banner.js]
[theninetiesarcade.com/cdn/shop/t/5/compiled_assets/scriptsbd68.js]
[theninetiesarcade.com/cdn/shopifycloud/portable-wallets/latest/accelerated-checkout-backwards-compat.css]
[theninetiesarcade.com/cdn/shop/t/5/assets/base2271.css]
[theninetiesarcade.com/cdn/shop/t/5/assets/component-predictive-searchd477.css]
[static.klaviyo.com/onsite/js/WN25Nx/klaviyo3cb1.js]
[theninetiesarcade.com/products/POST]
[theninetiesarcade.com/products/GET]
[cdn.shopify.com/extensions/34fd8d9a-71fe-404e-b131-93ab807780b6/bucks-19/assets/widgetLoader.js]
[cdn.shopify.com/extensions/e1208928-e6f5-42af-9f2c-5f9b4dda7ef0/countdown-timer-essential-33/assets/countdown_timer_essential_apps.min.js]
[theninetiesarcade.com/cdn/s/trekkie.storefront.5a4f78eb26ea594ba1b5d72f179d68114c7cf8ca.min.js]
[theninetiesarcade.com/cdn/shopifycloud/storefront/assets/shop_events_listener-8675b082.js]
[theninetiesarcade.com/cdn/shopifycloud/perf-kit/shopify-perf-kit-2.0.0.min.js]
[theninetiesarcade.com/cdn/shop/files/Captura_de_pantalla_2025-02-24_a_las_13.09.021f33.png]
[theninetiesarcade.com/products/Trident/index.html]
[theninetiesarcade.com/cdn/shop/t/5/assets/component-pickup-availabilityfea3.css]
[theninetiesarcade.com/cdn/shop/t/5/assets/pickup-availability94a4.js]
[theninetiesarcade.com/cdn/shop/t/5/assets/product-modale938.js]
[theninetiesarcade.com/cdn/shop/t/5/assets/media-galleryd55a.js]
[theninetiesarcade.com/cdn/shop/files/preview_images/28b8726c5de44bf9b3b3575e29901f37.thumbnail.0000000000a52b.jpg]
[theninetiesarcade.com/cdn/shop/files/preview_images/164f2c8981534ba1bdf98650f7894858.thumbnail.0000000000f1e6.jpg]
[theninetiesarcade.com/cdn/shop/files/preview_images/922fa77b4151454ca3eaaa0898f7e9ae.thumbnail.00000000007b13.jpg]
[theninetiesarcade.com/cdn/shop/files/preview_images/9a3ff54f91754d74bcd09f3a487a673e.thumbnail.0000000000b09a.jpg]
[theninetiesarcade.com/cdn/shop/files/preview_images/8445a27a5b424000a51cb813fbdbc51c.thumbnail.0000000000a517.jpg]
[theninetiesarcade.com/cdn/shop/files/preview_images/aa16d68147474ea8949f3d605e140cb4.thumbnail.00000000004a59.jpg]
[theninetiesarcade.com/cdn/shop/files/10-min_3365d.png]
[theninetiesarcade.com/cdn/shop/files/6-min_1365d.png]
[theninetiesarcade.com/cdn/shop/files/1-min_1365d.png]
[theninetiesarcade.com/cdn/shop/files/3-min_2365d.png]
[theninetiesarcade.com/cdn/shop/files/9-min_1365d.png]
[theninetiesarcade.com/cdn/shop/files/2-min_1365d.png]
[theninetiesarcade.com/cdn/shop/files/5-min_3365d.png]
[theninetiesarcade.com/cdn/shop/files/preview_images/c1d2b08bbd8c4d1ca7a8c8b28d49137f.thumbnail.0000000000e60f.jpg]
[theninetiesarcade.com/cdn/shop/files/preview_images/77a6b200ff754140880325da6b81f6ec.thumbnail.0000000000da3b.jpg]
[cdn.shopify.com/extensions/61b64c06-0d8a-4fc6-aa03-ee11f266ea22/trustoo-io-reviews-219/assets/swiper-reviews.min.js]
[cdn.shopify.com/extensions/61b64c06-0d8a-4fc6-aa03-ee11f266ea22/trustoo-io-reviews-219/assets/seal-review.min.js]
[theninetiesarcade.com/products/ninetiesarcade.html]
[shop.app/checkouts/internal/preloads7e95.js]
[theninetiesarcade.com/products/modules/v2/chunk.common_zpuuaMLp.esm.js]
[theninetiesarcade.com/products/modules/v2/client.shop-login-button_D-X5HJtB.en.esm.js]
[theninetiesarcade.com/cdn/shopifycloud/portable-wallets/latest/accelerated-checkout-backwards-compat.css]
[theninetiesarcade.com/cdn/shop/t/5/assets/base2271.css]
[theninetiesarcade.com/cdn/shop/t/5/assets/component-predictive-searchd477.css]
[theninetiesarcade.com/products/POST.html]
[theninetiesarcade.com/products/GET.html]
[theninetiesarcade.com/products/Trident/index.html]
[theninetiesarcade.com/cdn/shop/t/5/assets/component-pickup-availabilityfea3.css]
[cdn.shopify.com/extensions/61b64c06-0d8a-4fc6-aa03-ee11f266ea22/trustoo-io-reviews-219/assets/trustoo-reviews.min.css]
[cdn.shopify.com/extensions/61b64c06-0d8a-4fc6-aa03-ee11f266ea22/trustoo-io-reviews-219/assets/trustoo-reviews.min.css]
